../Core/Src/main.c:97:5:main	128	static,ignoring_inline_asm
../Core/Src/main.c:181:6:SystemClock_Config	88	static
../Core/Src/main.c:229:13:MX_I2C1_Init	8	static
../Core/Src/main.c:263:13:MX_I2C2_Init	8	static
../Core/Src/main.c:297:13:MX_USART1_UART_Init	8	static
../Core/Src/main.c:330:13:MX_USART2_UART_Init	8	static
../Core/Src/main.c:363:13:MX_GPIO_Init	48	static
../Core/Src/main.c:386:13:mpu6050_task	248	static
../Core/Src/main.c:404:13:hmc5883l_task	152	static
../Core/Src/main.c:433:1:__io_putchar	16	static
../Core/Src/main.c:448:6:HAL_TIM_PeriodElapsedCallback	16	static
../Core/Src/main.c:465:6:Error_Handler	4	static,ignoring_inline_asm
