../Core/Src/main.c:99:5:main	128	static,ignoring_inline_asm
../Core/Src/main.c:183:6:SystemClock_Config	88	static
../Core/Src/main.c:231:13:MX_I2C1_Init	8	static
../Core/Src/main.c:265:13:MX_I2C2_Init	8	static
../Core/Src/main.c:299:13:MX_USART1_UART_Init	8	static
../Core/Src/main.c:332:13:MX_USART2_UART_Init	8	static
../Core/Src/main.c:365:13:MX_GPIO_Init	48	static
../Core/Src/main.c:388:13:mpu6050_task	248	static
../Core/Src/main.c:406:13:hmc5883l_task	152	static
../Core/Src/main.c:435:1:__io_putchar	16	static
../Core/Src/main.c:450:6:HAL_TIM_PeriodElapsedCallback	16	static
../Core/Src/main.c:467:6:Error_Handler	4	static,ignoring_inline_asm
