../Core/Src/MPU6050.c:23:6:MPU6050_Writebyte	32	static
../Core/Src/MPU6050.c:28:6:MPU6050_Writebytes	32	static
../Core/Src/MPU6050.c:33:6:MPU6050_Readbyte	32	static
../Core/Src/MPU6050.c:38:6:MPU6050_Readbytes	32	static
../Core/Src/MPU6050.c:43:6:MPU6050_Initialization	32	static
../Core/Src/MPU6050.c:124:6:MPU6050_Get6AxisRawData	32	static
../Core/Src/MPU6050.c:141:7:ApplyDeadband	16	static
../Core/Src/MPU6050.c:148:6:CalibrateGyroZ	24	static
../Core/Src/MPU6050.c:160:6:MPU6050_CalculateGyroOffset	40	static
../Core/Src/MPU6050.c:178:6:MPU6050_Get_LSB_Sensitivity	16	static
../Core/Src/MPU6050.c:212:7:MovingAverageFilter	24	static
../Core/Src/MPU6050.c:223:6:MPU6050_DataConvert	16	static
../Core/Src/MPU6050.c:250:5:MPU6050_DataReady	8	static
../Core/Src/MPU6050.c:275:6:MPU6050_ProcessData	16	static
