15:16:22 **** Incremental Build of configuration Debug for project APPLICATION_F446RET6 ****
make -j8 all 
arm-none-eabi-gcc -o "APPLICATION_F446RET6.elf" @"objects.list"   -mcpu=cortex-m4 -T"C:\Users\kjeya\Documents\STM32F446RET6_baremetal_docs\Baremetal_Firmwares\APPLICATION_F446RET6\STM32F446RETX_FLASH.ld" --specs=nosys.specs -Wl,-Map="APPLICATION_F446RET6.map" -Wl,--gc-sections -static --specs=nano.specs -mfpu=fpv4-sp-d16 -mfloat-abi=hard -mthumb -Wl,--start-group -lc -lm -Wl,--end-group
Finished building target: APPLICATION_F446RET6.elf
 
arm-none-eabi-size  APPLICATION_F446RET6.elf 
arm-none-eabi-objdump -h -S APPLICATION_F446RET6.elf  > "APPLICATION_F446RET6.list"
arm-none-eabi-objcopy  -O binary APPLICATION_F446RET6.elf  "APPLICATION_F446RET6.bin"
   text	   data	    bss	    dec	    hex	filename
  11544	    104	   1976	  13624	   3538	APPLICATION_F446RET6.elf
Finished building: default.size.stdout
 
Finished building: APPLICATION_F446RET6.bin
 
Finished building: APPLICATION_F446RET6.list
 

15:16:23 Build Finished. 0 errors, 0 warnings. (took 683ms)

