17:47:51 **** Incremental Build of configuration Debug for project BOOTLOADER_F446RET6 ****
make -j8 all 
arm-none-eabi-gcc "../Core/Src/main.c" -mcpu=cortex-m4 -std=gnu11 -g3 -DDEBUG -DUSE_HAL_DRIVER -DSTM32F446xx -c -I../Core/Inc -I../Drivers/STM32F4xx_HAL_Driver/Inc -I../Drivers/STM32F4xx_HAL_Driver/Inc/Legacy -I../Drivers/CMSIS/Device/ST/STM32F4xx/Include -I../Drivers/CMSIS/Include -O0 -ffunction-sections -fdata-sections -Wall -fstack-usage -fcyclomatic-complexity -MMD -MP -MF"Core/Src/main.d" -MT"Core/Src/main.o" --specs=nano.specs -mfpu=fpv4-sp-d16 -mfloat-abi=hard -mthumb -o "Core/Src/main.o"
../Core/Src/main.c: In function 'bootloader_read_uart_data':
../Core/Src/main.c:338:43: warning: passing argument 2 of 'HAL_UART_Receive' from incompatible pointer type [-Wincompatible-pointer-types]
  338 |                 HAL_UART_Receive(&huart3, &bl_rx_buffer, 1, HAL_MAX_DELAY);
      |                                           ^~~~~~~~~~~~~
      |                                           |
      |                                           uint8_t (*)[200] {aka unsigned char (*)[200]}
In file included from ../Core/Inc/stm32f4xx_hal_conf.h:411,
                 from ../Drivers/STM32F4xx_HAL_Driver/Inc/stm32f4xx_hal.h:29,
                 from ../Core/Inc/main.h:30,
                 from ../Core/Src/main.c:20:
../Drivers/STM32F4xx_HAL_Driver/Inc/stm32f4xx_hal_uart.h:746:72: note: expected 'uint8_t *' {aka 'unsigned char *'} but argument is of type 'uint8_t (*)[200]' {aka 'unsigned char (*)[200]'}
  746 | HAL_StatusTypeDef HAL_UART_Receive(UART_HandleTypeDef *huart, uint8_t *pData, uint16_t Size, uint32_t Timeout);
      |                                                               ~~~~~~~~~^~~~~
../Core/Src/main.c: In function 'bootloader_jump_to_application':
../Core/Src/main.c:388:39: warning: format '%lx' expects argument of type 'long unsigned int', but argument 2 has type 'void (*)(void)' [-Wformat=]
  388 |     printf("app reset handler addr:%#lx\n", app_reset_handler);
      |                                    ~~~^     ~~~~~~~~~~~~~~~~~
      |                                       |     |
      |                                       |     void (*)(void)
      |                                       long unsigned int
arm-none-eabi-gcc -o "BOOTLOADER_F446RET6.elf" @"objects.list"   -mcpu=cortex-m4 -T"C:\Users\kjeya\Documents\STM32F446RET6_baremetal_docs\Baremetal_Firmwares\BOOTLOADER_F446RET6\STM32F446RETX_FLASH.ld" --specs=nosys.specs -Wl,-Map="BOOTLOADER_F446RET6.map" -Wl,--gc-sections -static --specs=nano.specs -mfpu=fpv4-sp-d16 -mfloat-abi=hard -mthumb -Wl,--start-group -lc -lm -Wl,--end-group
Finished building target: BOOTLOADER_F446RET6.elf
 
arm-none-eabi-size  BOOTLOADER_F446RET6.elf 
arm-none-eabi-objdump -h -S BOOTLOADER_F446RET6.elf  > "BOOTLOADER_F446RET6.list"
arm-none-eabi-objcopy  -O binary BOOTLOADER_F446RET6.elf  "BOOTLOADER_F446RET6.bin"
   text	   data	    bss	    dec	    hex	filename
  15312	    104	   2256	  17672	   4508	BOOTLOADER_F446RET6.elf
Finished building: default.size.stdout
 
Finished building: BOOTLOADER_F446RET6.bin
 
Finished building: BOOTLOADER_F446RET6.list
 

17:47:52 Build Finished. 0 errors, 2 warnings. (took 1s.503ms)

