13:20:21 **** Incremental Build of configuration Debug for project TFT_ILI9341_LCD_F446RE ****
make -j8 all 
arm-none-eabi-gcc "../Core/Src/main.c" -mcpu=cortex-m4 -std=gnu11 -g3 -DDEBUG -DUSE_HAL_DRIVER -DSTM32F446xx -c -I../Core/Inc -I../Drivers/STM32F4xx_HAL_Driver/Inc -I../Drivers/STM32F4xx_HAL_Driver/Inc/Legacy -I../Drivers/CMSIS/Device/ST/STM32F4xx/Include -I../Drivers/CMSIS/Include -O0 -ffunction-sections -fdata-sections -Wall -fstack-usage -fcyclomatic-complexity -MMD -MP -MF"Core/Src/main.d" -MT"Core/Src/main.o" --specs=nano.specs -mfpu=fpv4-sp-d16 -mfloat-abi=hard -mthumb -o "Core/Src/main.o"
arm-none-eabi-gcc -o "TFT_ILI9341_LCD_F446RE.elf" @"objects.list"   -mcpu=cortex-m4 -T"C:\Users\kjeya\Documents\STM32F446RET6_baremetal_docs\Baremetal_Firmwares\TFT_ILI9341_LCD_F446RE\STM32F446RETX_FLASH.ld" --specs=nosys.specs -Wl,-Map="TFT_ILI9341_LCD_F446RE.map" -Wl,--gc-sections -static --specs=nano.specs -mfpu=fpv4-sp-d16 -mfloat-abi=hard -mthumb -Wl,--start-group -lc -lm -Wl,--end-group
Finished building target: TFT_ILI9341_LCD_F446RE.elf
 
arm-none-eabi-size  TFT_ILI9341_LCD_F446RE.elf 
arm-none-eabi-objdump -h -S TFT_ILI9341_LCD_F446RE.elf  > "TFT_ILI9341_LCD_F446RE.list"
   text	   data	    bss	    dec	    hex	filename
  18232	     16	   1752	  20000	   4e20	TFT_ILI9341_LCD_F446RE.elf
Finished building: default.size.stdout
 
Finished building: TFT_ILI9341_LCD_F446RE.list
 

13:20:22 Build Finished. 0 errors, 0 warnings. (took 1s.157ms)

