../Core/Src/main.c:94:6:StartUARTDMAReception	1
../Core/Src/main.c:103:6:StartMutex	1
../Core/Src/main.c:112:6:UART1_Task	1
../Core/Src/main.c:149:6:UART6_Task	3
../Core/Src/main.c:224:1:__io_putchar	1
../Core/Src/main.c:236:5:main	1
../Core/Src/main.c:348:6:SystemClock_Config	3
../Core/Src/main.c:395:13:MX_I2C1_Init	2
../Core/Src/main.c:429:13:MX_USART1_UART_Init	2
../Core/Src/main.c:462:13:MX_USART2_UART_Init	2
../Core/Src/main.c:495:13:MX_USART6_UART_Init	2
../Core/Src/main.c:526:13:MX_DMA_Init	1
../Core/Src/main.c:544:13:MX_GPIO_Init	1
../Core/Src/main.c:569:6:StartDefaultTask	1
../Core/Src/main.c:588:6:HAL_TIM_PeriodElapsedCallback	2
../Core/Src/main.c:605:6:Error_Handler	1
